------------------------------------------------------------
TimeQuest Timing Analyzer Summary
------------------------------------------------------------

Type  : Slow 1200mV 85C Model Setup 'clock'
Slack : -17.066
TNS   : -16549.477

Type  : Slow 1200mV 85C Model Setup 'extend_clock:processor_clk|clock'
Slack : -16.431
TNS   : -208.743

Type  : Slow 1200mV 85C Model Setup 'extend_clock:imem_clk|clock'
Slack : -2.204
TNS   : -90.884

Type  : Slow 1200mV 85C Model Hold 'extend_clock:imem_clk|clock'
Slack : 0.560
TNS   : 0.000

Type  : Slow 1200mV 85C Model Hold 'clock'
Slack : 0.781
TNS   : 0.000

Type  : Slow 1200mV 85C Model Hold 'extend_clock:processor_clk|clock'
Slack : 0.802
TNS   : 0.000

Type  : Slow 1200mV 85C Model Minimum Pulse Width 'clock'
Slack : -3.000
TNS   : -1497.015

Type  : Slow 1200mV 85C Model Minimum Pulse Width 'extend_clock:imem_clk|clock'
Slack : -2.693
TNS   : -129.264

Type  : Slow 1200mV 85C Model Minimum Pulse Width 'extend_clock:processor_clk|clock'
Slack : -1.285
TNS   : -30.840

Type  : Slow 1200mV 0C Model Setup 'clock'
Slack : -15.525
TNS   : -15111.930

Type  : Slow 1200mV 0C Model Setup 'extend_clock:processor_clk|clock'
Slack : -15.002
TNS   : -189.794

Type  : Slow 1200mV 0C Model Setup 'extend_clock:imem_clk|clock'
Slack : -1.907
TNS   : -78.560

Type  : Slow 1200mV 0C Model Hold 'extend_clock:imem_clk|clock'
Slack : 0.554
TNS   : 0.000

Type  : Slow 1200mV 0C Model Hold 'clock'
Slack : 0.704
TNS   : 0.000

Type  : Slow 1200mV 0C Model Hold 'extend_clock:processor_clk|clock'
Slack : 0.721
TNS   : 0.000

Type  : Slow 1200mV 0C Model Minimum Pulse Width 'clock'
Slack : -3.000
TNS   : -1493.495

Type  : Slow 1200mV 0C Model Minimum Pulse Width 'extend_clock:imem_clk|clock'
Slack : -2.649
TNS   : -127.152

Type  : Slow 1200mV 0C Model Minimum Pulse Width 'extend_clock:processor_clk|clock'
Slack : -1.285
TNS   : -30.840

Type  : Fast 1200mV 0C Model Setup 'clock'
Slack : -8.078
TNS   : -7796.208

Type  : Fast 1200mV 0C Model Setup 'extend_clock:processor_clk|clock'
Slack : -7.813
TNS   : -95.385

Type  : Fast 1200mV 0C Model Setup 'extend_clock:imem_clk|clock'
Slack : -0.427
TNS   : -14.280

Type  : Fast 1200mV 0C Model Hold 'extend_clock:imem_clk|clock'
Slack : 0.231
TNS   : 0.000

Type  : Fast 1200mV 0C Model Hold 'clock'
Slack : 0.332
TNS   : 0.000

Type  : Fast 1200mV 0C Model Hold 'extend_clock:processor_clk|clock'
Slack : 0.362
TNS   : 0.000

Type  : Fast 1200mV 0C Model Minimum Pulse Width 'clock'
Slack : -3.000
TNS   : -1141.806

Type  : Fast 1200mV 0C Model Minimum Pulse Width 'extend_clock:imem_clk|clock'
Slack : -1.000
TNS   : -48.000

Type  : Fast 1200mV 0C Model Minimum Pulse Width 'extend_clock:processor_clk|clock'
Slack : -1.000
TNS   : -24.000

------------------------------------------------------------
